2026-09-08 13:32:30 [CRITICAL] database_connect_failed error=OSError
2026-09-08 13:45:04 [INFO] database_connected
2026-09-08 13:45:04 [INFO] runtime_schema_ready
2026-09-08 13:45:04 [INFO] application_started
2026-09-08 13:45:04 [INFO] digitization_worker_started
2026-09-08 13:46:12 [INFO] digitization_worker_stopped
2026-09-08 13:46:12 [INFO] database_disconnected
2026-09-08 13:46:12 [INFO] application_stopped
2026-09-09 08:16:45 [CRITICAL] database_connect_failed error=OSError
2026-09-09 08:16:59 [INFO] database_connected
2026-09-09 08:16:59 [INFO] runtime_schema_ready
2026-09-09 08:16:59 [INFO] application_started
2026-09-09 08:16:59 [INFO] digitization_worker_started
2026-09-09 08:18:58 [INFO] activity tg_id=5573274669 source=telegram action=login detail=Вход в Telegram-бот
2026-09-09 08:19:10 [INFO] digitization_worker_stopped
2026-09-09 08:19:10 [INFO] database_disconnected
2026-09-09 08:19:10 [INFO] application_stopped
2026-09-09 08:33:50 [INFO] database_connected
2026-09-09 08:33:50 [INFO] runtime_schema_ready
2026-09-09 08:33:50 [INFO] application_started
2026-09-09 08:33:50 [INFO] digitization_worker_started
2026-09-09 09:30:00 [INFO] digitization_worker_stopped
2026-09-09 09:30:00 [INFO] database_disconnected
2026-09-09 09:30:00 [INFO] application_stopped
2026-09-09 09:30:12 [INFO] database_connected
2026-09-09 09:30:12 [INFO] runtime_schema_ready
2026-09-09 09:30:12 [INFO] application_started
2026-09-09 09:30:12 [INFO] digitization_worker_started
09.09.26_09.30.17_anonymous_[200 OK]_HTTP GET request completed_main.py:86
2026-09-09 09:33:20 [INFO] digitization_worker_stopped
2026-09-09 09:33:20 [INFO] database_disconnected
2026-09-09 09:33:20 [INFO] application_stopped
2026-09-09 09:41:15 [INFO] database_connected
2026-09-09 09:41:15 [INFO] runtime_schema_ready
2026-09-09 09:41:15 [INFO] application_started
2026-09-09 09:41:15 [INFO] digitization_worker_started
09.09.26_09.41.21_anonymous_[200 OK]_HTTP GET request completed_main.py:86
09.09.26_09.41.27_5573274669_[200 OK]_Telegram ID login completed_backend/api/auth_router.py:98
09.09.26_09.41.27_anonymous_[200 OK]_HTTP GET request completed_main.py:101
09.09.26_09.41.27_5573274669_[200 OK]_Saved session validated_backend/api/auth_router.py:176
09.09.26_09.41.28_5573274669_[200 OK]_HTTP GET request completed_backend/api/teacher_router.py:287
09.09.26_09.41.28_5573274669_[200 OK]_HTTP GET request completed_backend/api/chat_router.py:334
09.09.26_09.41.28_5573274669_[200 OK]_HTTP GET request completed_backend/api/teacher_router.py:985
09.09.26_09.41.28_5573274669_[200 OK]_HTTP GET request completed_backend/api/chat_router.py:71
09.09.26_09.41.28_anonymous_[401 Unauthorized]_HTTP GET request was rejected_backend/api/chat_router.py:94
09.09.26_09.41.28_5573274669_[200 OK]_HTTP GET request completed_backend/api/chat_router.py:334
09.09.26_09.41.28_5573274669_[200 OK]_HTTP GET request completed_backend/api/chat_router.py:110
09.09.26_09.41.28_5573274669_[200 OK]_HTTP GET request completed_backend/api/chat_router.py:154
09.09.26_09.41.38_anonymous_[200 OK]_HTTP GET request completed_main.py:109
09.09.26_09.41.39_5573274669_[200 OK]_Saved session validated_backend/api/auth_router.py:176
09.09.26_09.41.39_5573274669_[200 OK]_HTTP GET request completed_backend/api/digitization_router.py:276
09.09.26_09.41.39_5573274669_[200 OK]_HTTP GET request completed_backend/api/admin_router.py:222
09.09.26_09.41.39_5573274669_[200 OK]_HTTP GET request completed_backend/api/admin_router.py:36
09.09.26_09.41.39_5573274669_[200 OK]_HTTP GET request completed_backend/api/admin_router.py:19
09.09.26_09.41.39_5573274669_[200 OK]_HTTP GET request completed_backend/api/admin_router.py:249
09.09.26_09.41.39_5573274669_[200 OK]_HTTP GET request completed_backend/api/admin_router.py:292
09.09.26_09.41.43_5573274669_[200 OK]_HTTP GET request completed_backend/api/digitization_router.py:276
09.09.26_09.41.47_5573274669_[200 OK]_HTTP GET request completed_backend/api/digitization_router.py:276
09.09.26_09.41.51_5573274669_[200 OK]_HTTP GET request completed_backend/api/digitization_router.py:276
09.09.26_09.41.55_5573274669_[200 OK]_HTTP GET request completed_backend/api/digitization_router.py:276
09.09.26_09.41.59_5573274669_[200 OK]_HTTP GET request completed_backend/api/digitization_router.py:276
09.09.26_09.42.03_5573274669_[200 OK]_HTTP GET request completed_backend/api/digitization_router.py:276
09.09.26_09.42.03_5573274669_[200 OK]_HTTP GET request completed_backend/api/admin_router.py:292
09.09.26_09.42.06_5573274669_[200 OK]_HTTP GET request completed_backend/api/admin_router.py:292
09.09.26_09.42.07_5573274669_[200 OK]_HTTP GET request completed_backend/api/digitization_router.py:276
09.09.26_09.42.11_5573274669_[200 OK]_HTTP GET request completed_backend/api/digitization_router.py:276
09.09.26_09.42.14_5573274669_[200 OK]_HTTP GET request completed_backend/api/admin_router.py:292
09.09.26_09.42.15_5573274669_[200 OK]_HTTP GET request completed_backend/api/digitization_router.py:276
09.09.26_09.42.19_5573274669_[200 OK]_HTTP GET request completed_backend/api/digitization_router.py:276
09.09.26_09.42.20_5573274669_[200 OK]_HTTP GET request completed_backend/api/admin_router.py:292
09.09.26_09.42.21_5573274669_[200 OK]_HTTP GET request completed_backend/api/admin_router.py:292
09.09.26_09.42.23_5573274669_[200 OK]_HTTP GET request completed_backend/api/digitization_router.py:276
09.09.26_09.42.27_5573274669_[200 OK]_HTTP GET request completed_backend/api/digitization_router.py:276
09.09.26_09.42.31_5573274669_[200 OK]_HTTP GET request completed_backend/api/digitization_router.py:276
09.09.26_09.42.33_anonymous_[200 OK]_HTTP GET request completed_main.py:101
09.09.26_09.42.33_5573274669_[200 OK]_Saved session validated_backend/api/auth_router.py:176
09.09.26_09.42.33_5573274669_[200 OK]_HTTP GET request completed_backend/api/chat_router.py:71
09.09.26_09.42.33_5573274669_[200 OK]_HTTP GET request completed_backend/api/chat_router.py:334
09.09.26_09.42.33_5573274669_[200 OK]_HTTP GET request completed_backend/api/teacher_router.py:287
09.09.26_09.42.33_anonymous_[401 Unauthorized]_HTTP GET request was rejected_backend/api/chat_router.py:94
09.09.26_09.42.33_5573274669_[200 OK]_HTTP GET request completed_backend/api/chat_router.py:334
09.09.26_09.42.33_5573274669_[200 OK]_HTTP GET request completed_backend/api/teacher_router.py:985
09.09.26_09.42.33_5573274669_[200 OK]_HTTP GET request completed_backend/api/chat_router.py:110
09.09.26_09.42.33_5573274669_[200 OK]_HTTP GET request completed_backend/api/chat_router.py:154
09.09.26_09.42.38_anonymous_[401 Unauthorized]_HTTP GET request was rejected_backend/api/chat_router.py:94
09.09.26_09.42.51_anonymous_[401 Unauthorized]_HTTP GET request was rejected_backend/api/chat_router.py:94
09.09.26_09.43.22_5573274669_[200 OK]_HTTP POST request completed_backend/api/chat_router.py:245
09.09.26_09.43.22_5573274669_[200 OK]_HTTP GET request completed_backend/api/chat_router.py:110
09.09.26_09.43.24_anonymous_[200 OK]_HTTP GET request completed_main.py:121
09.09.26_09.43.26_5573274669_[200 OK]_HTTP GET request completed_backend/api/interactive_router.py:101
2026-09-09 09:43:40 [INFO] digitization_worker_stopped
2026-09-09 09:43:40 [INFO] database_disconnected
2026-09-09 09:43:40 [INFO] application_stopped
